// Jest Snapshot v1, https://goo.gl/fbAQLP

exports[`renders correctly 1`] = `
Object {
  "data": Object {
    "firestoreGetTodo": Array [],
  },
  "loading": false,
  "networkStatus": 7,
}
`;
