// Jest Snapshot v1, https://goo.gl/fbAQLP

exports[`renders correctly 1`] = `
Object {
  "data": Object {
    "firestoreAdd_Todo": Object {
      "__typename": "Todo",
      "done": false,
      "title": "Buy milk",
    },
  },
}
`;
