// Jest Snapshot v1, https://goo.gl/fbAQLP

exports[`renders correctly 1`] = `
Object {
  "data": Object {
    "firestoreDelete_Todo": Array [
      "todo-1",
    ],
  },
}
`;
